[2026-08-05T08:09:58.975Z] GET file:///Users/jaar/conductor/workspaces/react-td/kyoto/design/art.html → 200 (10ms, 8365B)
[2026-08-05T08:09:58.988Z] GET file:///Users/jaar/conductor/workspaces/react-td/kyoto/design/tokens.css → 200 (59ms, 4565B)
[2026-08-05T08:09:58.988Z] GET file:///Users/jaar/conductor/workspaces/react-td/kyoto/design/assets/art/title-hero.png → 200 (59ms, 2837446B)
[2026-08-05T08:09:58.988Z] GET file:///Users/jaar/conductor/workspaces/react-td/kyoto/design/assets/art/enemy-shade.png → 200 (59ms, 1269194B)
[2026-08-05T08:09:58.988Z] GET file:///Users/jaar/conductor/workspaces/react-td/kyoto/design/assets/art/enemy-armored.png → 200 (59ms, 1510587B)
[2026-08-05T08:09:58.988Z] GET file:///Users/jaar/conductor/workspaces/react-td/kyoto/design/assets/art/enemy-scout.png → 200 (59ms, 1663706B)
[2026-08-05T08:09:58.988Z] GET file:///Users/jaar/conductor/workspaces/react-td/kyoto/design/assets/art/enemy-boss.png → 200 (59ms, 1661725B)
[2026-08-05T08:09:58.988Z] GET file:///Users/jaar/conductor/workspaces/react-td/kyoto/design/assets/art/128/enemy-shade.png → 200 (83ms, 10048B)
[2026-08-05T08:09:58.988Z] GET file:///Users/jaar/conductor/workspaces/react-td/kyoto/design/assets/art/128/enemy-scout.png → 200 (86ms, 12693B)
[2026-08-05T08:09:58.988Z] GET file:///Users/jaar/conductor/workspaces/react-td/kyoto/design/assets/art/128/enemy-armored.png → 200 (89ms, 11473B)
[2026-08-05T08:09:58.988Z] GET file:///Users/jaar/conductor/workspaces/react-td/kyoto/design/assets/art/128/enemy-boss.png → 200 (93ms, 32793B)
[2026-08-05T08:09:58.988Z] GET file:///Users/jaar/conductor/workspaces/react-td/kyoto/design/assets/circles/128/fire-3.png → 200 (93ms, 28217B)
[2026-08-05T08:09:58.988Z] GET file:///Users/jaar/conductor/workspaces/react-td/kyoto/design/assets/circles/128/ice-1.png → 200 (94ms, 22218B)
[2026-08-05T08:09:59.139Z] GET file:///Users/jaar/conductor/workspaces/react-td/kyoto/design/assets/art/ground-valley.png → 200 (?ms, 1942489B)
[2026-08-05T08:09:59.139Z] GET file:///Users/jaar/conductor/workspaces/react-td/kyoto/design/assets/art/ground-valley-dark.png → 200 (?ms, 1189499B)
[2026-08-05T08:25:56.644Z] GET file:///Users/jaar/conductor/workspaces/react-td/kyoto/design/scene.html → 200 (1ms, 12950B)
[2026-08-05T08:25:56.647Z] GET file:///Users/jaar/conductor/workspaces/react-td/kyoto/design/tokens.css → 200 (2ms, 4565B)
[2026-08-05T08:25:56.649Z] GET file:///Users/jaar/conductor/workspaces/react-td/kyoto/design/assets/art/ground-valley-dark.png → 200 (2ms, 1189499B)
[2026-08-05T08:25:56.649Z] GET file:///Users/jaar/conductor/workspaces/react-td/kyoto/design/assets/art/enemy-shade.png → 200 (3ms, 1269194B)
[2026-08-05T08:25:56.649Z] GET file:///Users/jaar/conductor/workspaces/react-td/kyoto/design/assets/art/enemy-armored.png → 200 (3ms, 1510587B)
[2026-08-05T08:25:56.649Z] GET file:///Users/jaar/conductor/workspaces/react-td/kyoto/design/assets/art/enemy-scout.png → 200 (3ms, 1663706B)
[2026-08-05T08:25:56.649Z] GET file:///Users/jaar/conductor/workspaces/react-td/kyoto/design/assets/art/enemy-boss.png → 200 (3ms, 1661725B)
[2026-08-05T08:25:56.649Z] GET file:///Users/jaar/conductor/workspaces/react-td/kyoto/design/assets/circles/128/fire-3.png → 200 (3ms, 28217B)
[2026-08-05T08:25:56.650Z] GET file:///Users/jaar/conductor/workspaces/react-td/kyoto/design/assets/art/tower-fire.png → 200 (2ms, 1519100B)
[2026-08-05T08:25:56.650Z] GET file:///Users/jaar/conductor/workspaces/react-td/kyoto/design/assets/art/tower-ice.png → 200 (2ms, 1602974B)
[2026-08-05T08:25:56.650Z] GET file:///Users/jaar/conductor/workspaces/react-td/kyoto/design/assets/art/tower-lightning.png → 200 (2ms, 1510738B)
[2026-08-05T08:25:56.650Z] GET file:///Users/jaar/conductor/workspaces/react-td/kyoto/design/assets/art/tower-wind.png → 200 (2ms, 1580153B)
[2026-08-05T08:25:56.650Z] GET file:///Users/jaar/conductor/workspaces/react-td/kyoto/design/assets/circles/128/ice-3.png → 200 (2ms, 29085B)
[2026-08-05T08:25:56.650Z] GET file:///Users/jaar/conductor/workspaces/react-td/kyoto/design/assets/circles/128/lightning-3.png → 200 (2ms, 30518B)
[2026-08-05T08:25:56.650Z] GET file:///Users/jaar/conductor/workspaces/react-td/kyoto/design/assets/circles/128/wind-3.png → 200 (2ms, 29288B)
[2026-08-05T08:56:10.217Z] GET http://localhost:5199/src/render/__harness.html → 200 (3ms, ?B)
[2026-08-05T08:56:10.284Z] GET http://localhost:5199/@vite/client → 200 (18ms, 182693B)
[2026-08-05T08:56:10.284Z] GET http://localhost:5199/src/render/__harness.ts → 200 (1ms, 13390B)
[2026-08-05T08:56:10.286Z] GET http://localhost:5199/@react-refresh → 200 (13ms, 113132B)
[2026-08-05T08:56:10.286Z] GET http://localhost:5199/src/game/layout.ts → 200 (13ms, 2633B)
[2026-08-05T08:56:10.286Z] GET http://localhost:5199/src/render/index.ts → 200 (13ms, 9321B)
[2026-08-05T08:56:10.299Z] GET http://localhost:5199/src/render/canvas.ts → 200 (4ms, 8915B)
[2026-08-05T08:56:10.299Z] GET http://localhost:5199/src/render/crystal.ts → 200 (5ms, 7461B)
[2026-08-05T08:56:10.299Z] GET http://localhost:5199/src/render/decals.ts → 200 (5ms, 9895B)
[2026-08-05T08:56:10.299Z] GET http://localhost:5199/src/render/entities.ts → 200 (6ms, 18205B)
[2026-08-05T08:56:10.299Z] GET http://localhost:5199/src/render/field.ts → 200 (6ms, 16135B)
[2026-08-05T08:56:10.299Z] GET http://localhost:5199/src/render/fx.ts → 200 (5ms, 22628B)
[2026-08-05T08:56:10.299Z] GET http://localhost:5199/src/render/glyphs.ts → 200 (6ms, 7148B)
[2026-08-05T08:56:10.303Z] GET http://localhost:5199/node_modules/.pnpm/vite@6.4.3/node_modules/vite/dist/client/env.mjs → 200 (4ms, 3861B)
[2026-08-05T08:56:10.304Z] GET http://localhost:5199/src/game/types.ts → 200 (1ms, 8205B)
[2026-08-05T08:56:10.304Z] GET http://localhost:5199/src/ui/theme/elements.ts → 200 (1ms, 2747B)
[2026-08-05T08:56:10.315Z] GET http://localhost:5199/assets/art/ground-valley-dark.png → 200 (10ms, 118811B)
[2026-08-05T08:56:10.315Z] GET http://localhost:5199/assets/circles/128/fire-1.png → 200 (9ms, 21380B)
[2026-08-05T08:56:10.315Z] GET http://localhost:5199/assets/circles/128/fire-2.png → 200 (9ms, 26250B)
[2026-08-05T08:56:10.315Z] GET http://localhost:5199/assets/circles/128/fire-3.png → 200 (9ms, 28307B)
[2026-08-05T08:56:10.315Z] GET http://localhost:5199/assets/circles/128/ice-1.png → 200 (9ms, 22308B)
[2026-08-05T08:56:10.315Z] GET http://localhost:5199/assets/circles/128/ice-2.png → 200 (9ms, 27081B)
[2026-08-05T08:56:10.315Z] GET http://localhost:5199/assets/circles/128/ice-3.png → 200 (10ms, 29175B)
[2026-08-05T08:56:10.315Z] GET http://localhost:5199/assets/circles/128/lightning-1.png → 200 (10ms, 23282B)
[2026-08-05T08:56:10.315Z] GET http://localhost:5199/assets/circles/128/lightning-2.png → 200 (10ms, 28333B)
[2026-08-05T08:56:10.315Z] GET http://localhost:5199/assets/circles/128/lightning-3.png → 200 (10ms, 30608B)
[2026-08-05T08:56:10.315Z] GET http://localhost:5199/assets/circles/128/wind-1.png → 200 (10ms, 22257B)
[2026-08-05T08:56:10.315Z] GET http://localhost:5199/assets/circles/128/wind-2.png → 200 (11ms, 27263B)
[2026-08-05T08:56:10.315Z] GET http://localhost:5199/assets/circles/128/wind-3.png → 200 (11ms, 29378B)
[2026-08-05T08:56:10.315Z] GET http://localhost:5199/assets/art/tower-fire.png → 200 (11ms, 47796B)
[2026-08-05T08:56:10.315Z] GET http://localhost:5199/assets/art/tower-ice.png → 200 (12ms, 66458B)
[2026-08-05T08:56:10.315Z] GET http://localhost:5199/assets/art/tower-lightning.png → 200 (12ms, 48454B)
[2026-08-05T08:56:10.315Z] GET http://localhost:5199/assets/art/tower-wind.png → 200 (12ms, 59186B)
[2026-08-05T08:56:10.316Z] GET http://localhost:5199/assets/art/enemy-shade.png → 200 (11ms, 71740B)
[2026-08-05T08:56:10.316Z] GET http://localhost:5199/assets/art/enemy-armored.png → 200 (11ms, 89442B)
[2026-08-05T08:56:10.316Z] GET http://localhost:5199/assets/art/enemy-scout.png → 200 (11ms, 90259B)
[2026-08-05T08:56:10.316Z] GET http://localhost:5199/assets/art/enemy-boss.png → 200 (11ms, 105386B)
